// Jest Snapshot v1, https://goo.gl/fbAQLP

exports[`unit test for FeatureOptions component can render properly 1`] = `
<div>
  <div
    class="chakra-stack css-tl3ftk"
  >
    <div
      class="chakra-form-control css-0"
      data-testid="revealNsfw-feature-switch"
      label="Translated<options:features_Auto-reveal sensitive content>"
      role="group"
    >
      <label
        class="chakra-form__label css-28a6i0"
        data-testid="feature-switch-label"
        for="_r_0_"
        id="field-_r_1_-label"
      >
        <div
          class="chakra-stack css-mz2o5n"
          style="transition: background 300ms;"
        >
          <div
            class="chakra-stack css-1bef4uc"
          >
            <p
              class="chakra-text css-1tbqbam"
            >
              Translated&lt;options:features_Auto-reveal sensitive content&gt;
            </p>
            <p
              class="chakra-text css-qljqz"
            >
              Translated&lt;options:features_When the tweet was flagged as sensitive content, this feature can show the blured content automatically.&gt;
            </p>
             
          </div>
          <div
            class="css-fzqoy4"
          >
            <label
              class="chakra-switch css-16pgy8f"
              data-testid="feature-switch"
            >
              <input
                aria-disabled="false"
                aria-invalid="false"
                class="chakra-switch__input"
                id="_r_0_"
                style="border: 0px; clip: rect(0px, 0px, 0px, 0px); height: 1px; width: 1px; margin: -1px; padding: 0px; overflow: hidden; white-space: nowrap; position: absolute;"
                type="checkbox"
              />
              <span
                aria-hidden="true"
                class="chakra-switch__track css-14qxnv8"
              >
                <span
                  class="chakra-switch__thumb css-0"
                />
              </span>
            </label>
          </div>
        </div>
      </label>
    </div>
    <div
      class="chakra-form-control css-0"
      data-testid="keyboardShortcut-feature-switch"
      label="Translated<options:features_Keyboard shortcut>"
      role="group"
    >
      <label
        class="chakra-form__label css-28a6i0"
        data-testid="feature-switch-label"
        for="_r_2_"
        id="field-_r_3_-label"
      >
        <div
          class="chakra-stack css-mz2o5n"
          style="transition: background 300ms;"
        >
          <div
            class="chakra-stack css-1bef4uc"
          >
            <p
              class="chakra-text css-1tbqbam"
            >
              Translated&lt;options:features_Keyboard shortcut&gt;
            </p>
            <p
              class="chakra-text css-qljqz"
            >
              <span
                class="chakra-text css-0"
              >
                Translated&lt;options:features_Use keyboard shortcut to trigger download.&gt;
                <br />
                <span
                  class="chakra-text css-0"
                >
                  Twitter: 
                  <kbd
                    class="chakra-kbd css-1u61e1q"
                  >
                    D
                  </kbd>
                </span>
                <br />
                <span
                  class="chakra-text css-0"
                >
                  TweetDeck: 
                  <kbd
                    class="chakra-kbd css-1u61e1q"
                  >
                    P
                  </kbd>
                </span>
              </span>
            </p>
             
          </div>
          <div
            class="css-fzqoy4"
          >
            <label
              class="chakra-switch css-16pgy8f"
              data-checked=""
              data-testid="feature-switch"
            >
              <input
                aria-disabled="false"
                aria-invalid="false"
                checked=""
                class="chakra-switch__input"
                id="_r_2_"
                style="border: 0px; clip: rect(0px, 0px, 0px, 0px); height: 1px; width: 1px; margin: -1px; padding: 0px; overflow: hidden; white-space: nowrap; position: absolute;"
                type="checkbox"
              />
              <span
                aria-hidden="true"
                class="chakra-switch__track css-14qxnv8"
                data-checked=""
              >
                <span
                  class="chakra-switch__thumb css-0"
                  data-checked=""
                />
              </span>
            </label>
          </div>
        </div>
      </label>
    </div>
    <div
      class="chakra-form-control css-0"
      data-testid="hoverTriggerDownload-feature-switch"
      label="Translated<options:features_Hover trigger download>"
      role="group"
    >
      <label
        class="chakra-form__label css-28a6i0"
        data-testid="feature-switch-label"
        for="_r_4_"
        id="field-_r_5_-label"
      >
        <div
          class="chakra-stack css-mz2o5n"
          style="transition: background 300ms;"
        >
          <div
            class="chakra-stack css-1bef4uc"
          >
            <p
              class="chakra-text css-1tbqbam"
            >
              Translated&lt;options:features_Hover trigger download&gt;
            </p>
            <p
              class="chakra-text css-qljqz"
            >
              Translated&lt;options:features_Trigger download after hovering over the Media Harvest button for a short moment.&gt;
            </p>
             
          </div>
          <div
            class="css-fzqoy4"
          >
            <label
              class="chakra-switch css-16pgy8f"
              data-testid="feature-switch"
            >
              <input
                aria-disabled="false"
                aria-invalid="false"
                class="chakra-switch__input"
                id="_r_4_"
                style="border: 0px; clip: rect(0px, 0px, 0px, 0px); height: 1px; width: 1px; margin: -1px; padding: 0px; overflow: hidden; white-space: nowrap; position: absolute;"
                type="checkbox"
              />
              <span
                aria-hidden="true"
                class="chakra-switch__track css-14qxnv8"
              >
                <span
                  class="chakra-switch__thumb css-0"
                />
              </span>
            </label>
          </div>
        </div>
      </label>
    </div>
    <div
      class="chakra-form-control css-0"
      data-testid="hoverTriggerDownloadDelayMs-setting"
      role="group"
    >
      <label
        class="chakra-form__label css-uvho5g"
        for="field-_r_6_"
        id="field-_r_6_-label"
      >
        Translated&lt;options:features_Hover trigger delay&gt;
      </label>
      <div
        class="chakra-numberinput css-e69dqy"
        value="200"
      >
        <input
          aria-describedby="field-_r_6_-helptext"
          aria-readonly="false"
          aria-required="false"
          aria-valuemax="3000"
          aria-valuemin="0"
          aria-valuenow="200"
          aria-valuetext="200"
          autocomplete="off"
          autocorrect="off"
          class="chakra-numberinput__field css-8atqhb"
          disabled=""
          id="field-_r_6_"
          inputmode="decimal"
          pattern="[0-9]*(.[0-9]+)?"
          role="spinbutton"
          type="text"
          value="200"
        />
      </div>
      <div
        class="chakra-form__helper-text css-0"
        id="field-_r_6_-helptext"
      >
        Translated&lt;options:features_Milliseconds before hover starts a download.&gt;
      </div>
    </div>
    <div
      class="chakra-form-control css-0"
      data-testid="allowRedownloadExistingTweet-feature-switch"
      label="Translated<options:features_Allow redownload existing tweets>"
      role="group"
    >
      <label
        class="chakra-form__label css-28a6i0"
        data-testid="feature-switch-label"
        for="_r_7_"
        id="field-_r_8_-label"
      >
        <div
          class="chakra-stack css-mz2o5n"
          style="transition: background 300ms;"
        >
          <div
            class="chakra-stack css-1bef4uc"
          >
            <p
              class="chakra-text css-1tbqbam"
            >
              Translated&lt;options:features_Allow redownload existing tweets&gt;
            </p>
            <p
              class="chakra-text css-qljqz"
            >
              Translated&lt;options:features_When enabled, manual hover downloads can run again for tweets already marked as downloaded after the configured age.&gt;
            </p>
             
          </div>
          <div
            class="css-fzqoy4"
          >
            <label
              class="chakra-switch css-16pgy8f"
              data-checked=""
              data-testid="feature-switch"
            >
              <input
                aria-disabled="false"
                aria-invalid="false"
                checked=""
                class="chakra-switch__input"
                id="_r_7_"
                style="border: 0px; clip: rect(0px, 0px, 0px, 0px); height: 1px; width: 1px; margin: -1px; padding: 0px; overflow: hidden; white-space: nowrap; position: absolute;"
                type="checkbox"
              />
              <span
                aria-hidden="true"
                class="chakra-switch__track css-14qxnv8"
                data-checked=""
              >
                <span
                  class="chakra-switch__thumb css-0"
                  data-checked=""
                />
              </span>
            </label>
          </div>
        </div>
      </label>
    </div>
    <div
      class="chakra-form-control css-0"
      data-testid="redownloadExistingTweetDelayDays-setting"
      role="group"
    >
      <label
        class="chakra-form__label css-uvho5g"
        for="field-_r_9_"
        id="field-_r_9_-label"
      >
        Translated&lt;options:features_Redownload existing tweets after&gt;
      </label>
      <div
        class="chakra-numberinput css-e69dqy"
        value="7"
      >
        <input
          aria-describedby="field-_r_9_-helptext"
          aria-readonly="false"
          aria-required="false"
          aria-valuemax="365"
          aria-valuemin="0"
          aria-valuenow="7"
          aria-valuetext="7"
          autocomplete="off"
          autocorrect="off"
          class="chakra-numberinput__field css-8atqhb"
          id="field-_r_9_"
          inputmode="decimal"
          pattern="[0-9]*(.[0-9]+)?"
          role="spinbutton"
          type="text"
          value="7"
        />
      </div>
      <div
        class="chakra-form__helper-text css-0"
        id="field-_r_9_-helptext"
      >
        Translated&lt;options:features_Only redownload tweets downloaded at least this many days ago.&gt;
      </div>
    </div>
    <div
      class="chakra-form-control css-0"
      data-testid="videoThumbnail-feature-switch"
      label="Translated<options:features_Download video thumbnail>"
      role="group"
    >
      <label
        class="chakra-form__label css-28a6i0"
        data-testid="feature-switch-label"
        for="_r_a_"
        id="field-_r_b_-label"
      >
        <div
          class="chakra-stack css-mz2o5n"
          style="transition: background 300ms;"
        >
          <div
            class="chakra-stack css-1bef4uc"
          >
            <p
              class="chakra-text css-1tbqbam"
            >
              Translated&lt;options:features_Download video thumbnail&gt;
            </p>
            <p
              class="chakra-text css-qljqz"
            >
              Translated&lt;options:features_Download the thumbnail when the media is video.&gt;
            </p>
             
          </div>
          <div
            class="css-fzqoy4"
          >
            <label
              class="chakra-switch css-16pgy8f"
              data-testid="feature-switch"
            >
              <input
                aria-disabled="false"
                aria-invalid="false"
                class="chakra-switch__input"
                id="_r_a_"
                style="border: 0px; clip: rect(0px, 0px, 0px, 0px); height: 1px; width: 1px; margin: -1px; padding: 0px; overflow: hidden; white-space: nowrap; position: absolute;"
                type="checkbox"
              />
              <span
                aria-hidden="true"
                class="chakra-switch__track css-14qxnv8"
              >
                <span
                  class="chakra-switch__thumb css-0"
                />
              </span>
            </label>
          </div>
        </div>
      </label>
    </div>
  </div>
</div>
`;
